
[1m[46m RUN [49m[22m [36mv4.0.8 [39m[90m/home/arnold/Projects/letsrunit/apps/web[39m

 [31m❯[39m src/components/run-status-badge/run-status-badge.test.tsx [2m([22m[2m1 test[22m[2m | [22m[31m1 failed[39m[2m)[22m[32m 31[2mms[22m[39m
[31m     [31m×[31m renders[39m[32m 28[2mms[22m[39m
Could not parse CSS stylesheet
[90mstderr[2m | src/components/animated-wave/animated-wave.test.tsx[2m > [22m[2mAnimatedWave[2m > [22m[2mrenders
[22m[39mThe tag <path> is unrecognized in this browser. If you meant to render a React component, start its name with an uppercase letter.
The tag <g> is unrecognized in this browser. If you meant to render a React component, start its name with an uppercase letter.

 [31m❯[39m src/components/animated-wave/animated-wave.test.tsx [2m([22m[2m1 test[22m[2m | [22m[31m1 failed[39m[2m)[22m[32m 61[2mms[22m[39m
[31m     [31m×[31m renders[39m[32m 59[2mms[22m[39m
 [31m❯[39m src/components/screenshot/screenshot.test.tsx [2m([22m[2m2 tests[22m[2m | [22m[31m1 failed[39m[2m)[22m[32m 63[2mms[22m[39m
     [32m✓[39m shows the image when src is provided[32m 38[2mms[22m[39m
[31m     [31m×[31m shows the placeholder when src is missing[39m[32m 23[2mms[22m[39m
 [31m❯[39m src/components/subtle-header/subtle-header.test.tsx [2m([22m[2m1 test[22m[2m | [22m[31m1 failed[39m[2m)[22m[32m 56[2mms[22m[39m
[31m     [31m×[31m renders[39m[32m 54[2mms[22m[39m
 [31m❯[39m src/components/explore-form/explore-form.test.tsx [2m([22m[2m1 test[22m[2m | [22m[31m1 failed[39m[2m)[22m[32m 39[2mms[22m[39m
[31m     [31m×[31m disables input and shows loading on button after submit is clicked[39m[32m 36[2mms[22m[39m
 [31m❯[39m src/components/features-list/features-list.test.tsx [2m([22m[2m1 test[22m[2m | [22m[31m1 failed[39m[2m)[22m[32m 68[2mms[22m[39m
[31m     [31m×[31m renders feature items and create button[39m[32m 65[2mms[22m[39m
 [31m❯[39m src/components/run-history/run-history.test.tsx [2m([22m[2m1 test[22m[2m | [22m[31m1 failed[39m[2m)[22m[32m 61[2mms[22m[39m
[31m     [31m×[31m renders run items with status, id and duration[39m[32m 58[2mms[22m[39m
Could not parse CSS stylesheet
 [31m❯[39m src/components/features-list/test-item/test-item.test.tsx [2m([22m[2m3 tests[22m[2m | [22m[31m3 failed[39m[2m)[22m[32m 68[2mms[22m[39m
[31m     [31m×[31m renders name and the Run button when idle[39m[32m 47[2mms[22m[39m
[31m     [31m×[31m shows last run info when lastRun exists[39m[32m 7[2mms[22m[39m
[31m     [31m×[31m disables More and hides Run while running[39m[32m 10[2mms[22m[39m
 [31m❯[39m src/components/run-result/run-result.test.tsx [2m([22m[2m2 tests[22m[2m | [22m[31m2 failed[39m[2m)[22m[32m 75[2mms[22m[39m
[31m     [31m×[31m renders entries in a Timeline with custom markers and no artifacts[39m[32m 56[2mms[22m[39m
[31m     [31m×[31m shows a RunTimeline skeleton when journal is not available[39m[32m 7[2mms[22m[39m
 [31m❯[39m src/components/create-test-dialog/create-test-dialog.test.tsx [2m([22m[2m1 test[22m[2m | [22m[31m1 failed[39m[2m)[22m[33m 927[2mms[22m[39m
[31m     [31m×[31m renders dialog with fields and actions[39m[33m 917[2mms[22m[39m
 [31m❯[39m src/components/project-features/project-features.test.tsx [2m([22m[2m1 test[22m[2m | [22m[31m1 failed[39m[2m)[22m[32m 14[2mms[22m[39m
[31m     [31m×[31m renders FeaturesList and StatsToolbar with computed stats[39m[32m 10[2mms[22m[39m
 [32m✓[39m src/components/message-with-button/message-with-button.test.tsx [2m([22m[2m2 tests[22m[2m)[22m[33m 458[2mms[22m[39m
     [33m[2m✓[22m[39m renders children and button text [33m 341[2mms[22m[39m
 [32m✓[39m src/components/features-list/create-button/create-button.test.tsx [2m([22m[2m2 tests[22m[2m)[22m[33m 451[2mms[22m[39m
 [32m✓[39m src/components/features-list/suggenstion-item/suggestion-item.test.tsx [2m([22m[2m4 tests[22m[2m)[22m[33m 802[2mms[22m[39m
     [33m[2m✓[22m[39m shows name, description and Generate & Run when no last run [33m 322[2mms[22m[39m
 [32m✓[39m src/components/run-timeline/run-timeline.test.tsx [2m([22m[2m3 tests[22m[2m)[22m[33m 536[2mms[22m[39m
Could not parse CSS stylesheet
 [32m✓[39m src/components/back-to-top-button/back-to-top-button.test.tsx [2m([22m[2m1 test[22m[2m)[22m[33m 321[2mms[22m[39m
     [33m[2m✓[22m[39m renders button [33m 316[2mms[22m[39m
 [32m✓[39m src/components/scroll-down-button/scroll-down-button.test.tsx [2m([22m[2m1 test[22m[2m)[22m[32m 132[2mms[22m[39m
 [32m✓[39m src/components/animated-background/animated-background.test.tsx [2m([22m[2m1 test[22m[2m)[22m[32m 112[2mms[22m[39m
 [32m✓[39m src/components/inverse-icon/inverse-icon.test.tsx [2m([22m[2m1 test[22m[2m)[22m[32m 88[2mms[22m[39m
 [32m✓[39m src/components/queue-status/queue-status.test.tsx [2m([22m[2m1 test[22m[2m)[22m[32m 148[2mms[22m[39m
 [32m✓[39m src/components/project-panel/project-panel.test.tsx [2m([22m[2m1 test[22m[2m)[22m[33m 344[2mms[22m[39m
     [33m[2m✓[22m[39m renders labels, project details, and children [33m 342[2mms[22m[39m
 [32m✓[39m src/components/stats-toolbar/stats-toolbar.test.tsx [2m([22m[2m1 test[22m[2m)[22m[32m 38[2mms[22m[39m

[31m⎯⎯⎯⎯⎯⎯[39m[1m[41m Failed Tests 14 [49m[22m[31m⎯⎯⎯⎯⎯⎯⎯[39m

[41m[1m FAIL [22m[49m src/components/animated-wave/animated-wave.test.tsx[2m > [22mAnimatedWave[2m > [22mrenders
[31m[1mTestingLibraryElementError[22m: Unable to find an element with the text: /AnimatedWave/. This could be because the text is broken up by multiple elements. In this case, you can provide a function for your text matcher to make your matcher more flexible.

Ignored nodes: comments, script, style
[36m<body>[31m
  [36m<div>[31m
    [36m<g>[31m
      [36m<path[31m
        [33mfill[31m=[32m"none"[31m
        [33mopacity[31m=[32m"0"[31m
        [33mpathlength[31m=[32m"1"[31m
        [33mstroke-dasharray[31m=[32m"0px 1px"[31m
        [33mstroke-dashoffset[31m=[32m"0px"[31m
        [33mstroke-linecap[31m=[32m"round"[31m
        [33mstroke-linejoin[31m=[32m"round"[31m
        [33mstroke-width[31m=[32m"10"[31m
        [33mstyle[31m=[32m"filter: blur(12px);"[31m
      [36m/>[31m
      [36m<path[31m
        [33mfill[31m=[32m"none"[31m
        [33mopacity[31m=[32m"0"[31m
        [33mpathlength[31m=[32m"1"[31m
        [33mstroke-dasharray[31m=[32m"0px 1px"[31m
        [33mstroke-dashoffset[31m=[32m"0px"[31m
        [33mstroke-width[31m=[32m"2"[31m
      [36m/>[31m
    [36m</g>[31m
  [36m</div>[31m
[36m</body>[31m[39m
[90m [2m❯[22m Object.getElementError ../../node_modules/@testing-library/dom/dist/config.js:[2m37:19[22m[39m
[90m [2m❯[22m ../../node_modules/@testing-library/dom/dist/query-helpers.js:[2m76:38[22m[39m
[90m [2m❯[22m ../../node_modules/@testing-library/dom/dist/query-helpers.js:[2m52:17[22m[39m
[90m [2m❯[22m ../../node_modules/@testing-library/dom/dist/query-helpers.js:[2m95:19[22m[39m
[36m [2m❯[22m src/components/animated-wave/animated-wave.test.tsx:[2m9:19[22m[39m
    [90m  7| [39m  [34mit[39m([32m'renders'[39m[33m,[39m () [33m=>[39m {
    [90m  8| [39m    [34mrender[39m([33m<[39m[33mAnimatedWave[39m[33m>[39mHello[33m<[39m[33m/[39m[33mAnimatedWave[39m[33m>[39m)[33m;[39m
    [90m  9| [39m    [34mexpect[39m(screen[33m.[39m[34mgetByText[39m([36m/AnimatedWave/[39m))[33m.[39m[34mtoBeInTheDocument[39m()[33m;[39m
    [90m   | [39m                  [31m^[39m
    [90m 10| [39m    [34mexpect[39m(screen[33m.[39m[34mgetByText[39m([36m/Hello/[39m))[33m.[39m[34mtoBeInTheDocument[39m()[33m;[39m
    [90m 11| [39m  })[33m;[39m

[31m[2m⎯⎯⎯⎯⎯⎯⎯⎯⎯⎯⎯⎯⎯⎯⎯⎯⎯⎯⎯⎯⎯⎯⎯[1/14]⎯[22m[39m

[41m[1m FAIL [22m[49m src/components/create-test-dialog/create-test-dialog.test.tsx[2m > [22mCreateTestDialog[2m > [22mrenders dialog with fields and actions
[31m[1mTestingLibraryElementError[22m[39m: Unable to find an element with the text: Add new test. This could be because the text is broken up by multiple elements. In this case, you can provide a function for your text matcher to make your matcher more flexible.

Ignored nodes: comments, script, style
[36m<body>[39m
  [36m<div />[39m
  [36m<div[39m
    [33mclass[39m=[32m"p-dialog-mask p-dialog-center p-component-overlay p-component-overlay-enter p-dialog-draggable p-dialog-resizable"[39m
    [33mdata-pc-section[39m=[32m"mask"[39m
    [33mstyle[39m=[32m"position: fixed; height: 100%; width: 100%; left: 0px; top: 0px; display: flex; justify-content: center; align-items: center; z-index: 1101;"[39m
  [36m>[39m
    [36m<div[39m
      [33maria-describedby[39m=[32m"pr_id_1_content"[39m
      [33maria-labelledby[39m=[32m"pr_id_1_header"[39m
      [33maria-modal[39m=[32m"true"[39m
      [33mclass[39m=[32m"_dialog_af424f p-dialog p-component p-dialog-default p-ripple-disabled p-dialog-enter p-dialog-enter-active"[39m
      [33mdata-pc-name[39m=[32m"dialog"[39m
      [33mdata-pc-section[39m=[32m"root"[39m
      [33mid[39m=[32m"pr_id_1"[39m
      [33mpr_id_1[39m=[32m""[39m
      [33mrole[39m=[32m"dialog"[39m
    [36m>[39m
      [36m<span[39m
        [33maria-hidden[39m=[32m"true"[39m
        [33mclass[39m=[32m"p-hidden-accessible p-hidden-focusable"[39m
        [33mdata-p-hidden-accessible[39m=[32m"true"[39m
        [33mdata-p-hidden-focusable[39m=[32m"true"[39m
        [33mdata-pc-section[39m=[32m"firstfocusableelement"[39m
        [33mrole[39m=[32m"presentation"[39m
        [33mtabindex[39m=[32m"0"[39m
      [36m/>[39m
      [36m<div[39m
        [33mclass[39m=[32m"p-dialog-header"[39m
        [33mdata-pc-section[39m=[32m"header"[39m
      [36m>[39m
        [36m<div[39m
          [33mclass[39m=[32m"p-dialog-title"[39m
          [33mdata-pc-section[39m=[32m"headertitle"[39m
          [33mid[39m=[32m"pr_id_1_header"[39m
        [36m>[39m
          [0mCreate a new test[0m
        [36m</div>[39m
        [36m<div[39m
          [33mclass[39m=[32m"p-dialog-header-icons"[39m
          [33mdata-pc-section[39m=[32m"headericons"[39m
        [36m>[39m
          [36m<button[39m
            [33maria-label[39m=[32m"Close"[39m
            [33mclass[39m=[32m"p-dialog-header-icon p-dialog-header-close p-link"[39m
            [33mdata-pc-section[39m=[32m"closebutton"[39m
            [33mtype[39m=[32m"button"[39m
          [36m>[39m
            [36m<svg[39m
              [33maria-hidden[39m=[32m"true"[39m
              [33mclass[39m=[32m"p-icon p-dialog-header-close-icon"[39m
              [33mdata-pc-section[39m=[32m"closebuttonicon"[39m
              [33mfill[39m=[32m"none"[39m
              [33mheight[39m=[32m"14"[39m
              [33mviewBox[39m=[32m"0 0 14 14"[39m
              [33mwidth[39m=[32m"14"[39m
              [33mxmlns[39m=[32m"http://www.w3.org/2000/svg"[39m
            [36m>[39m
              [36m<path[39m
                [33md[39m=[32m"M8.01186 7.00933L12.27 2.75116C12.341 2.68501 12.398 2.60524 12.4375 2.51661C12.4769 2.42798 12.4982 2.3323 12.4999 2.23529C12.5016 2.13827 12.4838 2.0419 12.4474 1.95194C12.4111 1.86197 12.357 1.78024 12.2884 1.71163C12.2198 1.64302 12.138 1.58893 12.0481 1.55259C11.9581 1.51625 11.8617 1.4984 11.7647 1.50011C11.6677 1.50182 11.572 1.52306 11.4834 1.56255C11.3948 1.60204 11.315 1.65898 11.2488 1.72997L6.99067 5.98814L2.7325 1.72997C2.59553 1.60234 2.41437 1.53286 2.22718 1.53616C2.03999 1.53946 1.8614 1.61529 1.72901 1.74767C1.59663 1.88006 1.5208 2.05865 1.5175 2.24584C1.5142 2.43303 1.58368 2.61419 1.71131 2.75116L5.96948 7.00933L1.71131 11.2675C1.576 11.403 1.5 11.5866 1.5 11.7781C1.5 11.9696 1.576 12.1532 1.71131 12.2887C1.84679 12.424 2.03043 12.5 2.2219 12.5C2.41338 12.5 2.59702 12.424 2.7325 12.2887L6.99067 8.03052L11.2488 12.2887C11.3843 12.424 11.568 12.5 11.7594 12.5C11.9509 12.5 12.1346 12.424 12.27 12.2887C12.4053 12.1532 12.4813 11.9696 12.4813 11.7781C12.4813 11.5866 12.4053 11.403 12.27 11.2675L8.01186 7.00933Z"[39m
                [33mfill[39m=[32m"currentColor"[39m
              [36m/>[39m
            [36m</svg>[39m
          [36m</button>[39m
        [36m</div>[39m
      [36m</div>[39m
      [36m<div[39m
        [33mclass[39m=[32m"p-dialog-content"[39m
        [33mdata-pc-section[39m=[32m"content"[39m
        [33mid[39m=[32m"pr_id_1_content"[39m
      [36m>[39m
        [36m<div[39m
          [33mclass[39m=[32m"flex flex-column gap-3"[39m
        [36m>[39m
          [36m<div[39m
            [33mclass[39m=[32m"flex flex-column gap-2"[39m
          [36m>[39m
            [36m<div[39m
              [33mclass[39m=[32m"p-inputgroup flex-1"[39m
            [36m>[39m
              [36m<span[39m
                [33mclass[39m=[32m"p-inputgroup-addon"[39m
              [36m>[39m
                [0mhttps://example.com[0m
                [0m/[0m
              [36m</span>[39m
              [36m<input[39m
                [33mclass[39m=[32m"p-inputtext p-component"[39m
                [33mdata-pc-name[39m=[32m"inputtext"[39m
                [33mdata-pc-section[39m=[32m"root"[39m
                [33mid[39m=[32m"start-page"[39m
                [33mvalue[39m=[32m""[39m
              [36m/>[39m
            [36m</div>[39m
          [36m</div>[39m
          [36m<div[39m
            [33mclass[39m=[32m"flex flex-column gap-2"[39m
          [36m>[39m
            [36m<textarea[39m
              [33mclass[39m=[32m"p-inputtextarea p-inputtext p-component p-inputtextarea-resizable"[39m
              [33mdata-pc-name[39m=[32m"inputtextarea"[39m
              [33mdata-pc-section[39m=[32m"root"[39m
              [33mid[39m=[32m"instructions"[39m
              [33mplaceholder[39m=[32m"What do you want to test?"[39m
              [33mrows[39m=[32m"8"[39m
            [36m/>[39m
          [36m</div>[39m
        [36m</div>[39m
      [36m</div>[39m
      [36m<div[39m
        [33mclass[39m=[32m"p-dialog-footer"[39m
        [33mdata-pc-section[39m=[32m"footer"[39m
      [36m>[39m
        [36m<div[39m
          [33mclass[39m=[32m"flex align-items-center justify-content-end gap-2 w-full"[39m
        [36m>[39m
          [36m<button[39m
            [33maria-label[39m=[32m"Cancel"[39m
            [33mclass[39m=[32m"p-button p-component p-button-text p-button-secondary"[39m
            [33mdata-pc-name[39m=[32m"button"[39m
            [33mdata-pc-section[39m=[32m"root"[39m
          [36m>[39m
            [36m<span[39m
              [33mclass[39m=[32m"p-button-label p-c"[39m
              [33mdata-pc-section[39m=[32m"label"[39m
            [36m>[39m
              [0mCancel[0m
            [36m</span>[39m
          [36m</button>[39m
          [36m<button[39m
            [33maria-label[39m=[32m"Generate"[39m
            [33mclass[39m=[32m"p-button p-component p-disabled"[39m
            [33mdata-pc-name[39m=[32m"button"[39m
            [33mdata-pc-section[39m=[32m"root"[39m
            [33mdisabled[39m=[32m""[39m
          [36m>[39m
            [36m<svg[39m
              [33maria-hidden[39m=[32m"true"[39m
              [33mclass[39m=[32m"lucide lucide-zap mr-2"[39m
              [33mfill[39m=[32m"none"[39m
              [33mheight[39m=[32m"16"[39m
              [33mstroke[39m=[32m"currentColor"[39m
              [33mstroke-linecap[39m=[32m"round"[39m
              [33mstroke-linejoin[39m=[32m"round"[39m
              [33mstroke-width[39m=[32m"2"[39m
              [33mviewBox[39m=[32m"0 0 24 24"[39m
              [33mwidth[39m=[32m"16"[39m
              [33mxmlns[39m=[32m"http://www.w3.org/2000/svg"[39m
            [36m>[39m
              [36m<path[39m
                [33md[39m=[32m"M4 14a1 1 0 0 1-.78-1.63l9.9-10.2a.5.5 0 0 1 .86.46l-1.92 6.02A1 1 0 0 0 13 10h7a1 1 0 0 1 .78 1.63l-9.9 10.2a.5.5 0 0 1-.86-.46l1.92-6.02A1 1 0 0 0 11 14z"[39m
              [36m/>[39m
            [36m</svg>[39m
            [36m<span[39m
              [33mclass[39m=[32m"p-button-label p-c"[39m
              [33mdata-pc-section[39m=[32m"label"[39m
            [36m>[39m
              [0mGenerate[0m
            [36m</span>[39m
          [36m</button>[39m
        [36m</div>[39m
      [36m</div>[39m
      [36m<span[39m
        [33mclass[39m=[32m"p-resizable-handle"[39m
        [33mstyle[39m=[32m"z-index: 90;"[39m
      [36m/>[39m
      [36m<span[39m
        [33maria-hidden[39m=[32m"true"[39m
        [33mclass[39m=[32m"p-hidden-accessible p-hidden-focusable"[39m
        [33mdata-p-hidden-accessible[39m=[32m"true"[39m
        [33mdata-p-hidden-focusable[39m=[32m"true"[39m
        [33mdata-pc-section[39m=[32m"lastfocusableelement"[39m
        [33mrole[39m=[32m"presentation"[39m
        [33mtabindex[39m=[32m"0"[39m
      [36m/>[39m
    [36m</div>[39m
  [36m</div>[39m
[36m</body>[39m
[90m [2m❯[22m Object.getElementError ../../node_modules/@testing-library/dom/dist/config.js:[2m37:19[22m[39m
[90m [2m❯[22m ../../node_modules/@testing-library/dom/dist/query-helpers.js:[2m76:38[22m[39m
[90m [2m❯[22m ../../node_modules/@testing-library/dom/dist/query-helpers.js:[2m52:17[22m[39m
[90m [2m❯[22m ../../node_modules/@testing-library/dom/dist/query-helpers.js:[2m95:19[22m[39m
[36m [2m❯[22m src/components/create-test-dialog/create-test-dialog.test.tsx:[2m11:19[22m[39m
    [90m  9| [39m
    [90m 10| [39m    [90m// Header[39m
    [90m 11| [39m    [34mexpect[39m(screen[33m.[39m[34mgetByText[39m([32m'Add new test'[39m))[33m.[39m[34mtoBeInTheDocument[39m()[33m;[39m
    [90m   | [39m                  [31m^[39m
    [90m 12| [39m
    [90m 13| [39m    [90m// Start page input group[39m

[31m[2m⎯⎯⎯⎯⎯⎯⎯⎯⎯⎯⎯⎯⎯⎯⎯⎯⎯⎯⎯⎯⎯⎯⎯[2/14]⎯[22m[39m

[41m[1m FAIL [22m[49m src/components/explore-form/explore-form.test.tsx[2m > [22mExploreForm[2m > [22mdisables input and shows loading on button after submit is clicked
[31m[1mError[22m: invariant expected app router to be mounted[39m
[90m [2m❯[22m useRouter node_modules/next/dist/client/components/navigation.js:[2m136:37[22m[39m
[36m [2m❯[22m ExploreForm src/components/explore-form/explore-form.tsx:[2m31:18[22m[39m
    [90m 29| [39m  buttonLabel [33m=[39m [32m'Run it.'[39m[33m,[39m
    [90m 30| [39m}[33m:[39m [33mUrlFormProps[39m) {
    [90m 31| [39m  [35mconst[39m router [33m=[39m [34museRouter[39m()[33m;[39m
    [90m   | [39m                 [31m^[39m
    [90m 32| [39m  [35mconst[39m [url[33m,[39m setUrl] [33m=[39m [34museState[39m([32m''[39m)[33m;[39m
    [90m 33| [39m  [35mconst[39m [isSubmitting[33m,[39m setIsSubmitting] [33m=[39m [34museState[39m([35mfalse[39m)[33m;[39m
[90m [2m❯[22m Object.react-stack-bottom-frame node_modules/react-dom/cjs/react-dom-client.development.js:[2m23863:20[22m[39m
[90m [2m❯[22m renderWithHooks node_modules/react-dom/cjs/react-dom-client.development.js:[2m5529:22[22m[39m
[90m [2m❯[22m updateFunctionComponent node_modules/react-dom/cjs/react-dom-client.development.js:[2m8897:19[22m[39m
[90m [2m❯[22m beginWork node_modules/react-dom/cjs/react-dom-client.development.js:[2m10522:18[22m[39m
[90m [2m❯[22m runWithFiberInDEV node_modules/react-dom/cjs/react-dom-client.development.js:[2m1522:13[22m[39m
[90m [2m❯[22m performUnitOfWork node_modules/react-dom/cjs/react-dom-client.development.js:[2m15140:22[22m[39m
[90m [2m❯[22m workLoopSync node_modules/react-dom/cjs/react-dom-client.development.js:[2m14956:41[22m[39m
[90m [2m❯[22m renderRootSync node_modules/react-dom/cjs/react-dom-client.development.js:[2m14936:11[22m[39m

[31m[2m⎯⎯⎯⎯⎯⎯⎯⎯⎯⎯⎯⎯⎯⎯⎯⎯⎯⎯⎯⎯⎯⎯⎯[3/14]⎯[22m[39m

[41m[1m FAIL [22m[49m src/components/features-list/features-list.test.tsx[2m > [22mFeaturesList[2m > [22mrenders feature items and create button
[31m[1mError[22m: invariant expected app router to be mounted[39m
[90m [2m❯[22m useRouter node_modules/next/dist/client/components/navigation.js:[2m136:37[22m[39m
[36m [2m❯[22m SuggestionItem src/components/features-list/suggenstion-item/suggestion-item.tsx:[2m21:18[22m[39m
    [90m 19| [39m
    [90m 20| [39mexport function SuggestionItem({ feature, generate, remove, restore }:…
    [90m 21| [39m  [35mconst[39m router [33m=[39m [34museRouter[39m()[33m;[39m
    [90m   | [39m                 [31m^[39m
    [90m 22| [39m  [35mconst[39m status [33m=[39m feature[33m.[39mlastRun[33m?.[39mstatus[33m;[39m
    [90m 23| [39m
[90m [2m❯[22m Object.react-stack-bottom-frame node_modules/react-dom/cjs/react-dom-client.development.js:[2m23863:20[22m[39m
[90m [2m❯[22m renderWithHooks node_modules/react-dom/cjs/react-dom-client.development.js:[2m5529:22[22m[39m
[90m [2m❯[22m updateFunctionComponent node_modules/react-dom/cjs/react-dom-client.development.js:[2m8897:19[22m[39m
[90m [2m❯[22m beginWork node_modules/react-dom/cjs/react-dom-client.development.js:[2m10522:18[22m[39m
[90m [2m❯[22m runWithFiberInDEV node_modules/react-dom/cjs/react-dom-client.development.js:[2m1522:13[22m[39m
[90m [2m❯[22m performUnitOfWork node_modules/react-dom/cjs/react-dom-client.development.js:[2m15140:22[22m[39m
[90m [2m❯[22m workLoopSync node_modules/react-dom/cjs/react-dom-client.development.js:[2m14956:41[22m[39m
[90m [2m❯[22m renderRootSync node_modules/react-dom/cjs/react-dom-client.development.js:[2m14936:11[22m[39m

[31m[2m⎯⎯⎯⎯⎯⎯⎯⎯⎯⎯⎯⎯⎯⎯⎯⎯⎯⎯⎯⎯⎯⎯⎯[4/14]⎯[22m[39m

[41m[1m FAIL [22m[49m src/components/project-features/project-features.test.tsx[2m > [22mProjectFeatures[2m > [22mrenders FeaturesList and StatsToolbar with computed stats
[31m[1mError[22m: Cannot find module '@/hooks/use-feature-list'
Require stack:
- /home/arnold/Projects/letsrunit/apps/web/src/components/project-features/project-features.test.tsx[39m
[36m [2m❯[22m src/components/project-features/project-features.test.tsx:[2m38:32[22m[39m
    [90m 36| [39m[34mdescribe[39m([32m'ProjectFeatures'[39m[33m,[39m () [33m=>[39m {
    [90m 37| [39m  [34mbeforeEach[39m(() [33m=>[39m {
    [90m 38| [39m    [35mconst[39m { useFeatureList } [33m=[39m [34mrequire[39m([32m'@/hooks/use-feature-list'[39m)[33m;[39m
    [90m   | [39m                               [31m^[39m
    [90m 39| [39m    (useFeatureList [35mas[39m any)[33m.[39m[34mmockReturnValue[39m({
    [90m 40| [39m      features[33m:[39m [

[31m[2m⎯⎯⎯⎯⎯⎯⎯⎯⎯⎯⎯⎯⎯⎯⎯⎯⎯⎯⎯⎯⎯⎯⎯[5/14]⎯[22m[39m

[41m[1m FAIL [22m[49m src/components/run-history/run-history.test.tsx[2m > [22mRunHistory[2m > [22mrenders run items with status, id and duration
[31m[1mError[22m: invariant expected app router to be mounted[39m
[90m [2m❯[22m useRouter node_modules/next/dist/client/components/navigation.js:[2m136:37[22m[39m
[36m [2m❯[22m RunHistory src/components/run-history/run-history.tsx:[2m37:18[22m[39m
    [90m 35| [39m  showName[33m,[39m
    [90m 36| [39m}[33m:[39m [33mRunHistoryProps[39m) {
    [90m 37| [39m  [35mconst[39m router [33m=[39m [34museRouter[39m()[33m;[39m
    [90m   | [39m                 [31m^[39m
    [90m 38| [39m  const { runs, loading } = useRunHistory({ projectId, featureId, type…
    [90m 39| [39m
[90m [2m❯[22m Object.react-stack-bottom-frame node_modules/react-dom/cjs/react-dom-client.development.js:[2m23863:20[22m[39m
[90m [2m❯[22m renderWithHooks node_modules/react-dom/cjs/react-dom-client.development.js:[2m5529:22[22m[39m
[90m [2m❯[22m updateFunctionComponent node_modules/react-dom/cjs/react-dom-client.development.js:[2m8897:19[22m[39m
[90m [2m❯[22m beginWork node_modules/react-dom/cjs/react-dom-client.development.js:[2m10522:18[22m[39m
[90m [2m❯[22m runWithFiberInDEV node_modules/react-dom/cjs/react-dom-client.development.js:[2m1522:13[22m[39m
[90m [2m❯[22m performUnitOfWork node_modules/react-dom/cjs/react-dom-client.development.js:[2m15140:22[22m[39m
[90m [2m❯[22m workLoopSync node_modules/react-dom/cjs/react-dom-client.development.js:[2m14956:41[22m[39m
[90m [2m❯[22m renderRootSync node_modules/react-dom/cjs/react-dom-client.development.js:[2m14936:11[22m[39m

[31m[2m⎯⎯⎯⎯⎯⎯⎯⎯⎯⎯⎯⎯⎯⎯⎯⎯⎯⎯⎯⎯⎯⎯⎯[6/14]⎯[22m[39m

[41m[1m FAIL [22m[49m src/components/run-result/run-result.test.tsx[2m > [22mRunResult component[2m > [22mrenders entries in a Timeline with custom markers and no artifacts
[41m[1m FAIL [22m[49m src/components/run-result/run-result.test.tsx[2m > [22mRunResult component[2m > [22mshows a RunTimeline skeleton when journal is not available
[31m[1mError[22m: invariant expected app router to be mounted[39m
[90m [2m❯[22m useRouter node_modules/next/dist/client/components/navigation.js:[2m136:37[22m[39m
[36m [2m❯[22m RunResult src/components/run-result/run-result.tsx:[2m24:18[22m[39m
    [90m 22| [39mexport function RunResult({ project, feature, run, journal, loading, c…
    [90m 23| [39m  const [screenshot, setScreenshot] = React.useState<Artifact | null>(…
    [90m 24| [39m  [35mconst[39m router [33m=[39m [34museRouter[39m()[33m;[39m
    [90m   | [39m                 [31m^[39m
    [90m 25| [39m
    [90m 26| [39m  [35mconst[39m runTitle [33m=[39m journal[33m?.[39mentries[33m.[39m[34mfind[39m((j) [33m=>[39m j[33m.[39mtype [33m===[39m [32m'title'[39m)[33m;[39m
[90m [2m❯[22m Object.react-stack-bottom-frame node_modules/react-dom/cjs/react-dom-client.development.js:[2m23863:20[22m[39m
[90m [2m❯[22m renderWithHooks node_modules/react-dom/cjs/react-dom-client.development.js:[2m5529:22[22m[39m
[90m [2m❯[22m updateFunctionComponent node_modules/react-dom/cjs/react-dom-client.development.js:[2m8897:19[22m[39m
[90m [2m❯[22m beginWork node_modules/react-dom/cjs/react-dom-client.development.js:[2m10522:18[22m[39m
[90m [2m❯[22m runWithFiberInDEV node_modules/react-dom/cjs/react-dom-client.development.js:[2m1522:13[22m[39m
[90m [2m❯[22m performUnitOfWork node_modules/react-dom/cjs/react-dom-client.development.js:[2m15140:22[22m[39m
[90m [2m❯[22m workLoopSync node_modules/react-dom/cjs/react-dom-client.development.js:[2m14956:41[22m[39m
[90m [2m❯[22m renderRootSync node_modules/react-dom/cjs/react-dom-client.development.js:[2m14936:11[22m[39m

[31m[2m⎯⎯⎯⎯⎯⎯⎯⎯⎯⎯⎯⎯⎯⎯⎯⎯⎯⎯⎯⎯⎯⎯⎯[7/14]⎯[22m[39m

[41m[1m FAIL [22m[49m src/components/run-status-badge/run-status-badge.test.tsx[2m > [22mRunStatusBadge[2m > [22mrenders
[31m[1mTestingLibraryElementError[22m: Unable to find an element with the text: /RunStatusBadge/. This could be because the text is broken up by multiple elements. In this case, you can provide a function for your text matcher to make your matcher more flexible.

Ignored nodes: comments, script, style
[36m<body>[31m
  [36m<div />[31m
[36m</body>[31m[39m
[90m [2m❯[22m Object.getElementError ../../node_modules/@testing-library/dom/dist/config.js:[2m37:19[22m[39m
[90m [2m❯[22m ../../node_modules/@testing-library/dom/dist/query-helpers.js:[2m76:38[22m[39m
[90m [2m❯[22m ../../node_modules/@testing-library/dom/dist/query-helpers.js:[2m52:17[22m[39m
[90m [2m❯[22m ../../node_modules/@testing-library/dom/dist/query-helpers.js:[2m95:19[22m[39m
[36m [2m❯[22m src/components/run-status-badge/run-status-badge.test.tsx:[2m9:19[22m[39m
    [90m  7| [39m  [34mit[39m([32m'renders'[39m[33m,[39m () [33m=>[39m {
    [90m  8| [39m    [34mrender[39m([33m<[39m[33mRunStatusBadge[39m[33m>[39mHello[33m<[39m[33m/[39m[33mRunStatusBadge[39m[33m>[39m)[33m;[39m
    [90m  9| [39m    [34mexpect[39m(screen[33m.[39m[34mgetByText[39m([36m/RunStatusBadge/[39m))[33m.[39m[34mtoBeInTheDocument[39m()[33m;[39m
    [90m   | [39m                  [31m^[39m
    [90m 10| [39m    [34mexpect[39m(screen[33m.[39m[34mgetByText[39m([36m/Hello/[39m))[33m.[39m[34mtoBeInTheDocument[39m()[33m;[39m
    [90m 11| [39m  })[33m;[39m

[31m[2m⎯⎯⎯⎯⎯⎯⎯⎯⎯⎯⎯⎯⎯⎯⎯⎯⎯⎯⎯⎯⎯⎯⎯[8/14]⎯[22m[39m

[41m[1m FAIL [22m[49m src/components/screenshot/screenshot.test.tsx[2m > [22mScreenshot[2m > [22mshows the placeholder when src is missing
[31m[1mError[22m: [2mexpect([22m[31mreceived[31m[2m).toBeInTheDocument()[22m

[31mreceived[31m value must be an HTMLElement or an SVGElement.
Received has type:  Null
Received has value: [31mnull[31m[39m
[36m [2m❯[22m src/components/screenshot/screenshot.test.tsx:[2m17:55[22m[39m
    [90m 15| [39m
    [90m 16| [39m    [34mexpect[39m(screen[33m.[39m[34mgetByText[39m([32m'No screenshot'[39m))[33m.[39m[34mtoBeInTheDocument[39m()[33m;[39m
    [90m 17| [39m    expect(container.querySelector('.pi.pi-desktop')).toBeInTheDocumen…
    [90m   | [39m                                                      [31m^[39m
    [90m 18| [39m  })[33m;[39m
    [90m 19| [39m})[33m;[39m

[31m[2m⎯⎯⎯⎯⎯⎯⎯⎯⎯⎯⎯⎯⎯⎯⎯⎯⎯⎯⎯⎯⎯⎯⎯[9/14]⎯[22m[39m

[41m[1m FAIL [22m[49m src/components/subtle-header/subtle-header.test.tsx[2m > [22mSubtleHeader[2m > [22mrenders
[31m[1mTestingLibraryElementError[22m: Unable to find an element with the text: /SubtleHeader/. This could be because the text is broken up by multiple elements. In this case, you can provide a function for your text matcher to make your matcher more flexible.

Ignored nodes: comments, script, style
[36m<body>[31m
  [36m<div>[31m
    [36m<div[31m
      [33mclass[31m=[32m"flex align-items-center gap-2"[31m
    [36m>[31m
      [36m<div[31m
        [33mclass[31m=[32m"_lineIn_af9f0a"[31m
      [36m/>[31m
      [36m<span>[31m
        [0mHello[0m
      [36m</span>[31m
      [36m<div[31m
        [33mclass[31m=[32m"_lineOut_af9f0a"[31m
      [36m/>[31m
    [36m</div>[31m
  [36m</div>[31m
[36m</body>[31m[39m
[90m [2m❯[22m Object.getElementError ../../node_modules/@testing-library/dom/dist/config.js:[2m37:19[22m[39m
[90m [2m❯[22m ../../node_modules/@testing-library/dom/dist/query-helpers.js:[2m76:38[22m[39m
[90m [2m❯[22m ../../node_modules/@testing-library/dom/dist/query-helpers.js:[2m52:17[22m[39m
[90m [2m❯[22m ../../node_modules/@testing-library/dom/dist/query-helpers.js:[2m95:19[22m[39m
[36m [2m❯[22m src/components/subtle-header/subtle-header.test.tsx:[2m9:19[22m[39m
    [90m  7| [39m  [34mit[39m([32m'renders'[39m[33m,[39m () [33m=>[39m {
    [90m  8| [39m    [34mrender[39m([33m<[39m[33mSubtleHeader[39m[33m>[39mHello[33m<[39m[33m/[39m[33mSubtleHeader[39m[33m>[39m)[33m;[39m
    [90m  9| [39m    [34mexpect[39m(screen[33m.[39m[34mgetByText[39m([36m/SubtleHeader/[39m))[33m.[39m[34mtoBeInTheDocument[39m()[33m;[39m
    [90m   | [39m                  [31m^[39m
    [90m 10| [39m    [34mexpect[39m(screen[33m.[39m[34mgetByText[39m([36m/Hello/[39m))[33m.[39m[34mtoBeInTheDocument[39m()[33m;[39m
    [90m 11| [39m  })[33m;[39m

[31m[2m⎯⎯⎯⎯⎯⎯⎯⎯⎯⎯⎯⎯⎯⎯⎯⎯⎯⎯⎯⎯⎯⎯[10/14]⎯[22m[39m

[41m[1m FAIL [22m[49m src/components/features-list/test-item/test-item.test.tsx[2m > [22mTestItem[2m > [22mrenders name and the Run button when idle
[41m[1m FAIL [22m[49m src/components/features-list/test-item/test-item.test.tsx[2m > [22mTestItem[2m > [22mshows last run info when lastRun exists
[41m[1m FAIL [22m[49m src/components/features-list/test-item/test-item.test.tsx[2m > [22mTestItem[2m > [22mdisables More and hides Run while running
[31m[1mError[22m: invariant expected app router to be mounted[39m
[90m [2m❯[22m useRouter node_modules/next/dist/client/components/navigation.js:[2m136:37[22m[39m
[36m [2m❯[22m TestItem src/components/features-list/test-item/test-item.tsx:[2m25:18[22m[39m
    [90m 23| [39m
    [90m 24| [39mexport function TestItem({ feature, run, generate, remove, restore }: …
    [90m 25| [39m  [35mconst[39m router [33m=[39m [34museRouter[39m()[33m;[39m
    [90m   | [39m                 [31m^[39m
    [90m 26| [39m  [35mconst[39m menuRef [33m=[39m [33mReact[39m[33m.[39museRef[33m<[39m[33mMenu[39m[33m>[39m([35mnull[39m)[33m;[39m
    [90m 27| [39m
[90m [2m❯[22m Object.react-stack-bottom-frame node_modules/react-dom/cjs/react-dom-client.development.js:[2m23863:20[22m[39m
[90m [2m❯[22m renderWithHooks node_modules/react-dom/cjs/react-dom-client.development.js:[2m5529:22[22m[39m
[90m [2m❯[22m updateFunctionComponent node_modules/react-dom/cjs/react-dom-client.development.js:[2m8897:19[22m[39m
[90m [2m❯[22m beginWork node_modules/react-dom/cjs/react-dom-client.development.js:[2m10522:18[22m[39m
[90m [2m❯[22m runWithFiberInDEV node_modules/react-dom/cjs/react-dom-client.development.js:[2m1522:13[22m[39m
[90m [2m❯[22m performUnitOfWork node_modules/react-dom/cjs/react-dom-client.development.js:[2m15140:22[22m[39m
[90m [2m❯[22m workLoopSync node_modules/react-dom/cjs/react-dom-client.development.js:[2m14956:41[22m[39m
[90m [2m❯[22m renderRootSync node_modules/react-dom/cjs/react-dom-client.development.js:[2m14936:11[22m[39m

[31m[2m⎯⎯⎯⎯⎯⎯⎯⎯⎯⎯⎯⎯⎯⎯⎯⎯⎯⎯⎯⎯⎯⎯[11/14]⎯[22m[39m


[2m Test Files [22m [1m[31m11 failed[39m[22m[2m | [22m[1m[32m11 passed[39m[22m[90m (22)[39m
[2m      Tests [22m [1m[31m14 failed[39m[22m[2m | [22m[1m[32m19 passed[39m[22m[90m (33)[39m
[2m   Start at [22m 01:17:58
[2m   Duration [22m 5.50s[2m (transform 3.08s, setup 3.39s, collect 18.06s, tests 4.89s, environment 22.68s, prepare 413ms)[22m

